[sealed-studio.framer.website/index.html]
[backblue.gif]
[fade.gif]
[index.html]
[framerusercontent.com/images/iIUgE9ex8JcqtmtGy60uSlUIptE.jpg]
[framerusercontent.com/images/926MoWsulwhZN0KvlVofNrWtpFY.jpg]
[sealed-studio.framer.website/About.html]
[sealed-studio.framer.website/iphone-15.html]
[framerusercontent.com/images/5NE3ZUvHCAIIun6onFLqZSK3E.jpg]
[sealed-studio.framer.website/unsweetned.html]
[framerusercontent.com/images/XPrHy2S812SV32EhsqYcwmHWI.jpg]
[sealed-studio.framer.website/actr-acre.html]
[framerusercontent.com/images/Yru5iKY57VTYpvKZVDrqpLme5ca3fc.jpg]
[sealed-studio.framer.website/editorial.html]
[framerusercontent.com/images/OCy7p9r2tNQPYbvKeRMPMXDRS4a3fc.jpg]
[sealed-studio.framer.website/index.html]
[framerusercontent.com/images/dJe2T5G7savADthWrBOLtpXnko.jpg]
[framerusercontent.com/images/druTOPy0tAUqcwpGB7giPPdvivw.jpg]
[sealed-studio.framer.website/About.html]
[framerusercontent.com/images/OYJhZzjzco2WvwaYDv7r1XTdUCI.jpg]
[framerusercontent.com/images/cnCK3za623qSQwiiRzAscLLaB0.jpg]
[framerusercontent.com/images/lVuDoZFGv42Vw9hpDymyxOxyV0.jpg]
[framerusercontent.com/images/IzttdUCt6bxVzW5bXsK18pUCniI.jpg]
[framerusercontent.com/images/Q3HiQmr2RDapW0QoIaJfW4tDUF8.jpg]
[sealed-studio.framer.website/iphone-15.html]
[framerusercontent.com/images/QuAYMDomyL5j3L5viy92JIXcjca3fc.jpg]
[framerusercontent.com/images/TphqsDdIOcLQb281dkZ3CMfedwa3fc.jpg]
[framerusercontent.com/images/X4g6skSgzeFdrETmKX8MfJdAIqUa3fc.jpg]
[framerusercontent.com/images/0HvpulpkFbvZ2WneecicqDMODjo.jpg]
[framerusercontent.com/images/CASaPYJPFKDcBvNQCnB3uh4wzUa3fc.jpg]
[sealed-studio.framer.website/unsweetned.html]
[framerusercontent.com/images/fZ2jZNypoVKBkBZ9VXNUuxtWFOoa3fc.jpg]
[framerusercontent.com/images/6tHVzBzN0IDtWZcsGxPCBNDXkI.jpg]
[framerusercontent.com/images/CwqQcFE3tYYwVctzga6z7psSQ.jpg]
[framerusercontent.com/images/kHszhquL9RGM0gLPseLJYPM3Lwa3fc.jpg]
[framerusercontent.com/images/v2fVLgJOTR8ghfX4p0dvGAiwa3fc.jpg]
[sealed-studio.framer.website/actr-acre.html]
[framerusercontent.com/images/9cWhhy8Y6TIRC2RACePyPrhwFWoa3fc.jpg]
[framerusercontent.com/images/q7wjVIZgyXJK5rR81mepBEreqbYa3fc.jpg]
[framerusercontent.com/images/yCdKraad2W9ZX5S3a22b1XwiYsa3fc.jpg]
[framerusercontent.com/images/U9TqWBTClWq5IjAKRQZ7tywtEqo.jpg]
[sealed-studio.framer.website/editorial.html]
