[backblue.gif]
[fade.gif]
[index.html]
[file/C_/My Web Sites________________/dfsaf/goalz-template.framer.website/index.html]
[file/C_/My Web Sites________________/dfsaf/framerusercontent.com/images/FVXnx1MyypEnHWfcaBaxa82mVyE.png]
[file/C_/My Web Sites________________/dfsaf/framerusercontent.com/images/eO5OYl1Qgu8NbRgrLcpWszV1I.png]
[file/C_/My Web Sites________________/dfsaf/framerusercontent.com/images/LY822SzND38Nbdb1kwazvsDJuuc.png]
[file/C_/My Web Sites________________/dfsaf/goalz-template.framer.website/about-us.html]
[file/C_/My Web Sites________________/dfsaf/goalz-template.framer.website/programs.html]
[file/C_/My Web Sites________________/dfsaf/goalz-template.framer.website/team.html]
[file/C_/My Web Sites________________/dfsaf/goalz-template.framer.website/contact-us.html]
[file/C_/My Web Sites________________/dfsaf/goalz-template.framer.website/register.html]
[file/C_/My Web Sites________________/dfsaf/goalz-template.framer.website/programs/goalkeeper-academy.html]
[file/C_/My Web Sites________________/dfsaf/goalz-template.framer.website/faq.html]
[file/C_/My Web Sites________________/dfsaf/goalz-template.framer.website/gallery.html]
[file/C_/My Web Sites________________/dfsaf/goalz-template.framer.website/coaches.html]
[file/C_/My Web Sites________________/dfsaf/goalz-template.framer.website/events.html]
[file/C_/My Web Sites________________/dfsaf/goalz-template.framer.website/coaches/marco-velasquez.html]
[file/C_/My Web Sites________________/dfsaf/goalz-template.framer.website/coaches/samira-holt.html]
[file/C_/My Web Sites________________/dfsaf/goalz-template.framer.website/coaches/theo-markovic.html]
[file/C_/My Web Sites________________/dfsaf/goalz-template.framer.website/coaches/lena-duarte.html]
[file/C_/My Web Sites________________/dfsaf/goalz-template.framer.website/coaches/aaron-rossi.html]
[file/C_/My Web Sites________________/dfsaf/goalz-template.framer.website/coaches/maya-kessler.html]
[file/C_/My Web Sites________________/dfsaf/goalz-template.framer.website/programs/group-trainings.html]
[file/C_/My Web Sites________________/dfsaf/goalz-template.framer.website/programs/personal-trainings.html]
[file/C_/My Web Sites________________/dfsaf/goalz-template.framer.website/programs/player-camps-events.html]
[file/C_/My Web Sites________________/dfsaf/goalz-template.framer.website/programs/tactical-intelligence.html]
[file/C_/My Web Sites________________/dfsaf/goalz-template.framer.website/programs/player-performance.html]
[file/C_/My Web Sites________________/dfsaf/goalz-template.framer.website/team/luca-carver.html]
[file/C_/My Web Sites________________/dfsaf/goalz-template.framer.website/team/zara-hoffman.html]
[file/C_/My Web Sites________________/dfsaf/goalz-template.framer.website/team/lucas-bennett.html]
[file/C_/My Web Sites________________/dfsaf/goalz-template.framer.website/team/caleb-turner.html]
[file/C_/My Web Sites________________/dfsaf/goalz-template.framer.website/team/david-wilson.html]
[file/C_/My Web Sites________________/dfsaf/goalz-template.framer.website/team/emily-davis.html]
[file/C_/My Web Sites________________/dfsaf/goalz-template.framer.website/events/velocity-cup.html]
[file/C_/My Web Sites________________/dfsaf/goalz-template.framer.website/events/continental-youth-cup.html]
[file/C_/My Web Sites________________/dfsaf/goalz-template.framer.website/events/academy-masters-cup.html]
[file/C_/My Web Sites________________/dfsaf/goalz-template.framer.website/events/future-pros-invitational.html]
[file/C_/My Web Sites________________/dfsaf/goalz-template.framer.website/events/champions-league.html]
[file/C_/My Web Sites________________/dfsaf/goalz-template.framer.website/events/elite-rising-stars-cup.html]
[file/C_/My Web Sites________________/dfsaf/framerusercontent.com/images/KtjuG7yx533JoFQZtxBo4WkJdg90ee90ee.png]
[file/C_/My Web Sites________________/dfsaf/framerusercontent.com/images/JTP1mpqMm8vZFaojxLCWMxRl4ZUfa56fa56.png]
[file/C_/My Web Sites________________/dfsaf/framerusercontent.com/images/BRURdPk6opNMOGJ9C5nBbhk59k875d175d1.png]
[file/C_/My Web Sites________________/dfsaf/framerusercontent.com/images/SjOa29HhKYQsao9Q8Z0BNCSlGos76577657.png]
[file/C_/My Web Sites________________/dfsaf/framerusercontent.com/images/8hoSXWYKbogOvxsFQ1wK6ABTU4bd31bd31.png]
[file/C_/My Web Sites________________/dfsaf/framerusercontent.com/images/U89IWm1vgQK6XyRKZGhaHdkPUo42624262.png]
[file/C_/My Web Sites________________/dfsaf/framerusercontent.com/images/MuMXBCqV225kClRHE1ytmTqxo0f350f35.jpg]
[file/C_/My Web Sites________________/dfsaf/framerusercontent.com/images/3XxGAsPfw8ewbaIBdAUqXhO0MAfa56fa56.png]
[file/C_/My Web Sites________________/dfsaf/framerusercontent.com/images/WhInXTVeOxHjtBoaXjEKzBJQ554d554d.png]
[file/C_/My Web Sites________________/dfsaf/framerusercontent.com/images/ORXqDSWbbb9wmRT4vraKtsN6Rrgfd90fd90.jpg]
[file/C_/My Web Sites________________/dfsaf/framerusercontent.com/images/Ss1GauvsBBmN8xmgKypuDJsz5KE75d175d1.png]
[file/C_/My Web Sites________________/dfsaf/framerusercontent.com/images/4sajKScGAuZAJZ8S92gpVJLr2k480f480f.png]
[file/C_/My Web Sites________________/dfsaf/framerusercontent.com/images/j0QOnugBGDkE4sqCPZWxmDRlMSg480f480f.png]
[file/C_/My Web Sites________________/dfsaf/framerusercontent.com/images/MizBMR5qD0g2QJzazrgwNo1dss480f480f.png]
[file/C_/My Web Sites________________/dfsaf/framerusercontent.com/images/JK5rEMLemrghKDrs6Oa9syfKJg480f480f.png]
[file/C_/My Web Sites________________/dfsaf/framerusercontent.com/images/8uVpHXpBc0FwqlEM2VxQMu0ZrQ480f480f.png]
[file/C_/My Web Sites________________/dfsaf/framerusercontent.com/images/5X5QNj5Y3eXc8AnL48yzd5F2s480f480f.png]
[file/C_/My Web Sites________________/dfsaf/framerusercontent.com/images/fPGItk8eC6zucK1fwisgb9x0nTQdb41db41.jpg]
[file/C_/My Web Sites________________/dfsaf/framerusercontent.com/images/B4wII3TVIAQ199vQivgjJz6NzAkc515c515.png]
[file/C_/My Web Sites________________/dfsaf/framerusercontent.com/images/VtqvBltBhIolpd0Lqw1t6hHU054d03fd03f.jpg]
[file/C_/My Web Sites________________/dfsaf/framerusercontent.com/images/yvzsdkPZ057sK828xjSHirDds3cd93cd9.jpg]
[file/C_/My Web Sites________________/dfsaf/framerusercontent.com/images/S3scChY0xMzLS5d0BwLNlnbES5gdb24db24.jpg]
[file/C_/My Web Sites________________/dfsaf/framerusercontent.com/images/GATRUeVk3g5oeIZ9cqfJ1ew39Ma150a150.jpg]
[file/C_/My Web Sites________________/dfsaf/framerusercontent.com/images/9P6WjUlZzeVGViMALMUv9kBDsg480f480f.png]
[file/C_/My Web Sites________________/dfsaf/framerusercontent.com/images/01BfkHr3gpc6Hx4KaQmdOAfzEMg480f480f.png]
[file/C_/My Web Sites________________/dfsaf/framerusercontent.com/images/rRxoZdlBSwp4yAd47wxWkxpI7s480f480f.png]
[file/C_/My Web Sites________________/dfsaf/framerusercontent.com/images/7krm8ex97ImQRE2qpsrNHhHGA0480f480f.png]
[file/C_/My Web Sites________________/dfsaf/framerusercontent.com/images/OGtOMTsrfmphGxS9js9Hro785Qc480f480f.png]
[file/C_/My Web Sites________________/dfsaf/framerusercontent.com/images/NJLB5NgRBfBsEOYYeh8uGLEI480f480f.png]
[file/C_/My Web Sites________________/dfsaf/framerusercontent.com/images/GVRdscacIm2hQ6DuL34TKcOYFIEc500c500.png]
[file/C_/My Web Sites________________/dfsaf/framerusercontent.com/images/8frELYmTLnyOmTFdKLZCoUgR7w00350035.png]
[file/C_/My Web Sites________________/dfsaf/framerusercontent.com/images/GjbwHc99doP35RUBEe0le5LD2gb04db04d.jpg]
[file/C_/My Web Sites________________/dfsaf/framerusercontent.com/images/ehL0QG4EPsejgUZUtzzovB0cMDYa150a150.jpg]
[file/C_/My Web Sites________________/dfsaf/framerusercontent.com/images/8luXmtI1JhoLnzTuEu1eAoLnw98479847.jpg]
[file/C_/My Web Sites________________/dfsaf/framerusercontent.com/images/ZJJ3HpDvW9i83aZYV33MRS1EiQ98cd98cd.jpg]
[file/C_/My Web Sites________________/dfsaf/framerusercontent.com/images/KgVBy7PZZzwNmFGmh8hRDE19bw6b896b89.jpg]
[file/C_/My Web Sites________________/dfsaf/framerusercontent.com/images/DnAKD7tTUY57WFuZIwBRdqilQwad48ad48.jpg]
[file/C_/My Web Sites________________/dfsaf/framerusercontent.com/images/TI6399FhR52h5an3SQGinHx3pob04db04d.jpg]
[file/C_/My Web Sites________________/dfsaf/framerusercontent.com/images/sYtHGgtkYLFjWegCeRnxbweWY54c904c904.jpg]
[file/C_/My Web Sites________________/dfsaf/framerusercontent.com/images/ewqiBNe8xgB98rjoAx89F9mKNhE80c180c1.jpg]
[file/C_/My Web Sites________________/dfsaf/framerusercontent.com/images/tCEa70xRU8XZOmzi6wrS4HEKlob04db04d.jpg]
[file/C_/My Web Sites________________/dfsaf/framerusercontent.com/images/7suXESK2S61tz4m790NmhBp77mA233d233d.jpg]
[file/C_/My Web Sites________________/dfsaf/framerusercontent.com/images/shlreMNz2SqsxXUlpVDWJPCRAdf7adf7a.png]
[file/C_/My Web Sites________________/dfsaf/framerusercontent.com/images/fCM7nnXJThurxp0Kd4jZHEV7GQwee45ee45.jpg]
[file/C_/My Web Sites________________/dfsaf/framerusercontent.com/images/VevQl4dsTjdpbAyo66Xfe3lQQee45ee45.jpg]
[file/C_/My Web Sites________________/dfsaf/framerusercontent.com/images/akxnC2CQFDOCrh4H7cTq5xUuhUee45ee45.jpg]
[file/C_/My Web Sites________________/dfsaf/framerusercontent.com/images/ROgfhkFZcZKubF1kkEb2E21cBJ0ee45ee45.jpg]
[file/C_/My Web Sites________________/dfsaf/framerusercontent.com/images/bBmtqcRkdSrVhY26Fv6LXeTh4cee45ee45.jpg]
[file/C_/My Web Sites________________/dfsaf/framerusercontent.com/images/UMx6lXoSzGvXVwuFzGTBx26Esis66ef66ef.jpg]
[file/C_/My Web Sites________________/dfsaf/framerusercontent.com/images/TvOPR9Drfff96KVztAFANYAEqR4ee45ee45.jpg]
[file/C_/My Web Sites________________/dfsaf/framerusercontent.com/images/sDRQKUAKkmtI6PTacR8KLlkHD8E6b896b89.jpg]
[file/C_/My Web Sites________________/dfsaf/framerusercontent.com/images/cJ5xi9y0t50Pxv9jIYQe5vJueE9d379d37.jpg]
[file/C_/My Web Sites________________/dfsaf/framerusercontent.com/images/7YwNYlwnCchhW29QRvE81kl0Mb5f9b5f9.jpg]
